{"type":"server-started","port":52291,"host":"127.0.0.1","url_host":"localhost","url":"http://localhost:52291","screen_dir":"/home/wayne/source/open/gogopher-arch/.superpowers/brainstorm/326714-1777312604/content","state_dir":"/home/wayne/source/open/gogopher-arch/.superpowers/brainstorm/326714-1777312604/state"}
{"type":"screen-added","file":"/home/wayne/source/open/gogopher-arch/.superpowers/brainstorm/326714-1777312604/content/current-layout.html"}
{"source":"user-event","type":"click","text":"B\n    \n      视觉层次与信息密度\n      面板优先级、留白、字体层级、颜色对比度","choice":"visual","id":null,"timestamp":1777312859844}
{"source":"user-event","type":"click","text":"C\n    \n      交互体验\n      拖拽调整面板大小、面板收起/展开、状态反馈动画","choice":"interaction","id":null,"timestamp":1777312869399}
{"source":"user-event","type":"click","text":"D\n    \n      代码编辑器区域\n      编辑器布局、工具栏、文件标签、终端集成","choice":"editor","id":null,"timestamp":1777312870459}
{"source":"user-event","type":"click","text":"D\n    \n      代码编辑器区域\n      编辑器布局、工具栏、文件标签、终端集成","choice":"editor","id":null,"timestamp":1777312871071}
{"source":"user-event","type":"click","text":"E\n    \n      组件拆分与可维护性\n      App.tsx / App.css 过大，需要更好的组件化和状态管理","choice":"architecture","id":null,"timestamp":1777312872501}
{"source":"user-event","type":"click","text":"D\n    \n      代码编辑器区域\n      编辑器布局、工具栏、文件标签、终端集成","choice":"editor","id":null,"timestamp":1777312872904}
{"source":"user-event","type":"click","text":"A\n    \n      响应式适配\n      中小屏幕下的折叠体验、面板切换、移动端可用性","choice":"responsive","id":null,"timestamp":1777312875199}
{"type":"screen-added","file":"/home/wayne/source/open/gogopher-arch/.superpowers/brainstorm/326714-1777312604/content/layout-options.html"}
{"source":"user-event","type":"click","text":"A\n    \n      渐进式精细化（推荐）\n      保持三栏骨架，在现有结构上做深度打磨\n      \n        响应式：增强断点（1120px → 960px → 760px），面板可收起/展开\n        视觉：统一 8px 间距系统、字体层级（display / heading / body / caption）\n        交互：拖拽调整三栏宽度、面板折叠按钮、运行状态动画\n        编辑器：保持 Monaco，优化工具栏和文件标签展示\n        组件化：按面板拆分为 TaskPanel / EditorPanel / FeedbackPanel / TopBar","choice":"incremental","id":null,"timestamp":1777312947261}
{"source":"user-event","type":"click","text":"B\n    \n      IDE 式工作台（激进重构）\n      借鉴 VS Code 布局模式，编辑器最大化\n      \n        左侧 Activity Bar 图标切换不同功能面板（任务、反馈、知识地图）\n        中间代码编辑器占据绝大部分空间\n        底部可抽出控制台/终端\n        面板可自由拖拽、浮动、堆叠\n        移动端：底部 Tab Bar 替代 Activity Bar","choice":"ide","id":null,"timestamp":1777312961899}
{"source":"user-event","type":"click","text":"A\n    \n      渐进式精细化（推荐）\n      保持三栏骨架，在现有结构上做深度打磨\n      \n        响应式：增强断点（1120px → 960px → 760px），面板可收起/展开\n        视觉：统一 8px 间距系统、字体层级（display / heading / body / caption）\n        交互：拖拽调整三栏宽度、面板折叠按钮、运行状态动画\n        编辑器：保持 Monaco，优化工具栏和文件标签展示\n        组件化：按面板拆分为 TaskPanel / EditorPanel / FeedbackPanel / TopBar","choice":"incremental","id":null,"timestamp":1777312962490}
{"type":"screen-added","file":"/home/wayne/source/open/gogopher-arch/.superpowers/brainstorm/326714-1777312604/content/design-section1.html"}
{"type":"screen-added","file":"/home/wayne/source/open/gogopher-arch/.superpowers/brainstorm/326714-1777312604/content/design-section2.html"}
{"type":"screen-added","file":"/home/wayne/source/open/gogopher-arch/.superpowers/brainstorm/326714-1777312604/content/design-section3.html"}
{"type":"screen-added","file":"/home/wayne/source/open/gogopher-arch/.superpowers/brainstorm/326714-1777312604/content/waiting.html"}
{"type":"screen-added","file":"/home/wayne/source/open/gogopher-arch/.superpowers/brainstorm/326714-1777312604/content/task-hierarchy.html"}
{"source":"user-event","type":"click","text":"A\n    \n      精简任务导航 + 提升任务卡\n      任务列表折叠为顶部横向条，任务卡内容优先展示\n      \n        任务列表从纵向卡片 → 横向紧凑标签条（只显示 Day + 状态点）\n        释放的垂直空间给任务卡、验收标准、小课\n        任务卡区域增加视觉权重：更大的标题、更清晰的层级\n        左侧面板改名为 \"任务详情\"，而不是 \"任务面板\"","choice":"compact-nav","id":null,"timestamp":1777313468155}
{"source":"user-event","type":"click","text":"C\n    \n      A + B 结合（推荐）\n      横向进度条 + 精简左侧面板内容\n      \n        TopBar 下方：横向 Day 进度条（紧凑，不占太多高度）\n        左侧面板：任务卡详情（背景、目标、验收标准、小课、知识点）\n        任务列表完全从左栏移除，不再重复占用空间\n        阅读顺序：读任务详情 → 编码 → 看反馈","choice":"both","id":null,"timestamp":1777313469958}
{"type":"server-stopped","reason":"idle timeout"}
